// Jest Snapshot v1, https://goo.gl/fbAQLP

exports[`<NavigationBar /> renders correctly 1`] = `
<View
  style={
    Object {
      "flex": 1,
      "flexDirection": "row-reverse",
      "position": "absolute",
      "right": 30,
      "top": 30,
    }
  }
>
  <View
    accessible={true}
    focusable={true}
    isTVSelectable={true}
    onClick={[Function]}
    onResponderGrant={[Function]}
    onResponderMove={[Function]}
    onResponderRelease={[Function]}
    onResponderTerminate={[Function]}
    onResponderTerminationRequest={[Function]}
    onStartShouldSetResponder={[Function]}
    style={
      Object {
        "opacity": 1,
      }
    }
  >
    <Image
      source={1}
      style={
        Object {
          "height": 25,
          "marginLeft": 20,
          "width": 25,
        }
      }
    />
  </View>
  <View
    accessible={true}
    focusable={true}
    isTVSelectable={true}
    onClick={[Function]}
    onResponderGrant={[Function]}
    onResponderMove={[Function]}
    onResponderRelease={[Function]}
    onResponderTerminate={[Function]}
    onResponderTerminationRequest={[Function]}
    onStartShouldSetResponder={[Function]}
    style={
      Object {
        "opacity": 1,
      }
    }
  >
    <Image
      source={1}
      style={
        Object {
          "height": 25,
          "marginLeft": 20,
          "width": 25,
        }
      }
    />
  </View>
  <View
    accessible={true}
    focusable={true}
    isTVSelectable={true}
    onClick={[Function]}
    onResponderGrant={[Function]}
    onResponderMove={[Function]}
    onResponderRelease={[Function]}
    onResponderTerminate={[Function]}
    onResponderTerminationRequest={[Function]}
    onStartShouldSetResponder={[Function]}
    style={
      Object {
        "opacity": 1,
      }
    }
  >
    <Image
      source={1}
      style={
        Object {
          "height": 25,
          "marginLeft": 20,
          "width": 25,
        }
      }
    />
  </View>
</View>
`;
