// Jest Snapshot v1, https://goo.gl/fbAQLP

exports[`<ProfileScreen /> renders correctly 1`] = `
<View
  style={
    Array [
      Object {
        "alignItems": "center",
        "flex": 1,
        "fontFamily": "nunito-regular",
        "justifyContent": "center",
      },
      Object {
        "backgroundColor": "white",
      },
    ]
  }
>
  <View
    style={
      Object {
        "flex": 1,
        "flexDirection": "row-reverse",
        "position": "absolute",
        "right": 30,
        "top": 30,
      }
    }
  >
    <View
      accessible={true}
      focusable={true}
      isTVSelectable={true}
      onClick={[Function]}
      onResponderGrant={[Function]}
      onResponderMove={[Function]}
      onResponderRelease={[Function]}
      onResponderTerminate={[Function]}
      onResponderTerminationRequest={[Function]}
      onStartShouldSetResponder={[Function]}
      style={
        Object {
          "opacity": 1,
        }
      }
    >
      <Image
        source={1}
        style={
          Object {
            "height": 25,
            "marginLeft": 20,
            "width": 25,
          }
        }
      />
    </View>
    <View
      accessible={true}
      focusable={true}
      isTVSelectable={true}
      onClick={[Function]}
      onResponderGrant={[Function]}
      onResponderMove={[Function]}
      onResponderRelease={[Function]}
      onResponderTerminate={[Function]}
      onResponderTerminationRequest={[Function]}
      onStartShouldSetResponder={[Function]}
      style={
        Object {
          "opacity": 1,
        }
      }
    >
      <Image
        source={1}
        style={
          Object {
            "height": 25,
            "marginLeft": 20,
            "width": 25,
          }
        }
      />
    </View>
    <View
      accessible={true}
      focusable={true}
      isTVSelectable={true}
      onClick={[Function]}
      onResponderGrant={[Function]}
      onResponderMove={[Function]}
      onResponderRelease={[Function]}
      onResponderTerminate={[Function]}
      onResponderTerminationRequest={[Function]}
      onStartShouldSetResponder={[Function]}
      style={
        Object {
          "opacity": 1,
        }
      }
    >
      <Image
        source={1}
        style={
          Object {
            "height": 25,
            "marginLeft": 20,
            "width": 25,
          }
        }
      />
    </View>
  </View>
  <View
    style={
      Object {
        "position": "absolute",
        "top": 60,
      }
    }
  >
    <Image
      source={1}
      style={
        Object {
          "height": 10,
          "right": -364,
          "width": 15,
        }
      }
    />
    <Image
      source={1}
      style={
        Object {
          "height": 60,
          "width": 750,
        }
      }
    />
    <Text
      style={
        Object {
          "color": "#fff",
          "fontFamily": "nunito-black",
          "fontSize": 28,
          "left": 25,
          "top": -50,
        }
      }
    >
      Settings
    </Text>
  </View>
  <View
    style={
      Object {
        "alignItems": "flex-start",
        "justifyContent": "flex-start",
      }
    }
  >
    <Image
      source={1}
      style={
        Object {
          "alignSelf": "center",
          "marginBottom": 55,
          "marginTop": 35,
        }
      }
    />
    <View
      style={
        Object {
          "alignItems": "center",
          "flexDirection": "row",
          "marginBottom": 50,
          "marginLeft": -25,
        }
      }
    >
      <Image
        source={1}
        style={
          Object {
            "height": 20,
            "marginRight": 35,
            "width": 20,
          }
        }
      />
      <Text
        style={
          Array [
            Object {
              "color": "#ed4848",
              "fontFamily": "nunito-extrabold",
              "fontSize": 20,
            },
            Object {
              "fontSize": 18,
            },
          ]
        }
      >
        John Doe
      </Text>
    </View>
    <View
      style={
        Object {
          "alignItems": "center",
          "flexDirection": "row",
          "marginBottom": 50,
          "marginLeft": -25,
        }
      }
    >
      <Image
        source={1}
        style={
          Object {
            "height": 20,
            "marginRight": 35,
            "width": 20,
          }
        }
      />
      <Text
        style={
          Array [
            Object {
              "color": "#ed4848",
              "fontFamily": "nunito-extrabold",
              "fontSize": 20,
            },
            Object {
              "fontSize": 18,
            },
          ]
        }
      >
        San Francisco, CA
      </Text>
    </View>
    <View
      style={
        Object {
          "alignItems": "center",
          "flexDirection": "row",
          "marginBottom": 50,
          "marginLeft": -25,
        }
      }
    >
      <Image
        source={1}
        style={
          Object {
            "height": 20,
            "marginRight": 35,
            "width": 20,
          }
        }
      />
      <Text
        style={
          Array [
            Object {
              "color": "#ed4848",
              "fontFamily": "nunito-extrabold",
              "fontSize": 20,
            },
            Object {
              "fontSize": 18,
            },
          ]
        }
      >
        john.doe@mail.com
      </Text>
    </View>
    <View
      style={
        Object {
          "alignItems": "center",
          "flexDirection": "row",
          "marginBottom": 50,
          "marginLeft": -25,
        }
      }
    >
      <Image
        source={1}
        style={
          Object {
            "height": 20,
            "marginBottom": 10,
            "marginRight": 35,
            "width": 20,
          }
        }
      />
      <Text
        style={
          Array [
            Object {
              "color": "#ed4848",
              "fontFamily": "nunito-extrabold",
              "fontSize": 20,
            },
            Object {
              "fontSize": 18,
            },
          ]
        }
      >
        ●●●●●●●
      </Text>
    </View>
    <View
      accessible={true}
      focusable={true}
      isTVSelectable={true}
      onClick={[Function]}
      onResponderGrant={[Function]}
      onResponderMove={[Function]}
      onResponderRelease={[Function]}
      onResponderTerminate={[Function]}
      onResponderTerminationRequest={[Function]}
      onStartShouldSetResponder={[Function]}
      style={
        Object {
          "backgroundColor": "#ed4848",
          "borderColor": "#ed4848",
          "borderRadius": 5,
          "borderWidth": 1,
          "bottom": -40,
          "opacity": 1,
          "paddingBottom": 20,
          "paddingTop": 20,
          "width": 250,
        }
      }
    >
      <Text
        style={
          Object {
            "color": "white",
            "fontFamily": "nunito-bold",
            "paddingLeft": 10,
            "paddingRight": 10,
            "textAlign": "center",
          }
        }
      >
        SAVE
      </Text>
    </View>
  </View>
</View>
`;
